// Jest Snapshot v1, https://goo.gl/fbAQLP

exports[`diffTable 1`] = `
"| Filename | Dependencies | Change |
| :--- | :---: | :---: |
| \`one.js\` | 5000 | 2500 |
| \`two.js\` | 5000 | -2500 |
| \`three.js\` | 300 | 0 |
| \`four.js\` | 4500 | 9 |"
`;

exports[`diffTable 2`] = `
"| Filename | Dependencies | Change |
| :--- | :---: | :---: |
| \`one.js\` | 5000 | 2500 |
| \`two.js\` | 5000 | -2500 |
| \`three.js\` | 300 | 0 |
| \`four.js\` | 4500 | 9 |"
`;

exports[`diffTable 3`] = `
"| Filename | Dependencies | Change |
| :--- | :---: | :---: |
| \`one.js\` | 5000 | 2500 |
| \`two.js\` | 5000 | -2500 |
| \`three.js\` | 300 | 0 |
| \`four.js\` | 4500 | 9 |"
`;

exports[`diffTable 4`] = `
"| Filename | Dependencies | Change |
| :--- | :---: | :---: |
| \`one.js\` | 5000 | 2500 |
| \`two.js\` | 5000 | -2500 |
| \`three.js\` | 300 | 0 |
| \`four.js\` | 4500 | 9 |"
`;

exports[`diffTable 5`] = `
"| Filename | Dependencies | Change |
| :--- | :---: | :---: |
| \`one.js\` | 5000 | 2500 |
| \`two.js\` | 5000 | -2500 |
| \`three.js\` | 300 | 0 |
| \`four.js\` | 4500 | 9 |"
`;

exports[`diffTable 6`] = `
"| Filename | Dependencies |
| :--- | :---: |
| \`one.js\` | 5000 |
| \`two.js\` | 5000 |
| \`three.js\` | 300 |
| \`four.js\` | 4500 |"
`;

exports[`diffTable 7`] = `
"| Filename | Dependencies |
| :--- | :---: |
| \`three.js\` | 300 |"
`;

exports[`parseAssetFile 1`] = `
{
  "dependencies": [
    "wp-block-editor",
    "wp-blocks",
    "wp-components",
    "wp-element",
  ],
  "version": "176fde31d1a79ed7ca30",
}
`;
